
  .   ____          _            __ _ _
 /\\ / ___'_ __ _ _(_)_ __  __ _ \ \ \ \
( ( )\___ | '_ | '_| | '_ \/ _` | \ \ \ \
 \\/  ___)| |_)| | | | | || (_| |  ) ) ) )
  '  |____| .__|_| |_|_| |_\__, | / / / /
 =========|_|==============|___/=/_/_/_/

 :: Spring Boot ::                (v4.0.6)

2026-05-31T18:20:15.613+02:00  INFO 4888 --- [wealth] [  restartedMain] de.wsc.wealth.Wealth                     : Starting Wealth using Java 21.0.8 with PID 4888 (C:\Users\johan\git\cli\wealth\target\classes started by johan in C:\Users\johan\git\cli\wealth)
2026-05-31T18:20:15.615+02:00  INFO 4888 --- [wealth] [  restartedMain] de.wsc.wealth.Wealth                     : No active profile set, falling back to 1 default profile: "default"
2026-05-31T18:20:15.650+02:00  INFO 4888 --- [wealth] [  restartedMain] .e.DevToolsPropertyDefaultsPostProcessor : Devtools property defaults active! Set 'spring.devtools.add-properties' to 'false' to disable
2026-05-31T18:20:15.651+02:00  INFO 4888 --- [wealth] [  restartedMain] .e.DevToolsPropertyDefaultsPostProcessor : For additional web related logging consider setting the 'logging.level.web' property to 'DEBUG'
2026-05-31T18:20:15.914+02:00  INFO 4888 --- [wealth] [  restartedMain] .s.d.r.c.RepositoryConfigurationDelegate : Bootstrapping Spring Data JPA repositories in DEFAULT mode.
2026-05-31T18:20:15.942+02:00  INFO 4888 --- [wealth] [  restartedMain] .s.d.r.c.RepositoryConfigurationDelegate : Finished Spring Data repository scanning in 23 ms. Found 8 JPA repository interfaces.
2026-05-31T18:20:16.144+02:00  INFO 4888 --- [wealth] [  restartedMain] o.s.boot.tomcat.TomcatWebServer          : Tomcat initialized with port 18080 (http)
2026-05-31T18:20:16.150+02:00  INFO 4888 --- [wealth] [  restartedMain] o.apache.catalina.core.StandardService   : Starting service [Tomcat]
2026-05-31T18:20:16.150+02:00  INFO 4888 --- [wealth] [  restartedMain] o.apache.catalina.core.StandardEngine    : Starting Servlet engine: [Apache Tomcat/11.0.21]
2026-05-31T18:20:16.168+02:00  INFO 4888 --- [wealth] [  restartedMain] b.w.c.s.WebApplicationContextInitializer : Root WebApplicationContext: initialization completed in 517 ms
2026-05-31T18:20:16.231+02:00  INFO 4888 --- [wealth] [  restartedMain] org.hibernate.orm.jpa                    : HHH008540: Processing PersistenceUnitInfo [name: default]
2026-05-31T18:20:16.251+02:00  INFO 4888 --- [wealth] [  restartedMain] org.hibernate.orm.core                   : HHH000001: Hibernate ORM core version 7.2.12.Final
2026-05-31T18:20:16.440+02:00  INFO 4888 --- [wealth] [  restartedMain] o.s.o.j.p.SpringPersistenceUnitInfo      : No LoadTimeWeaver setup: ignoring JPA class transformer
2026-05-31T18:20:16.454+02:00  INFO 4888 --- [wealth] [  restartedMain] com.zaxxer.hikari.HikariDataSource       : HikariPool-1 - Starting...
2026-05-31T18:20:16.498+02:00  INFO 4888 --- [wealth] [  restartedMain] com.zaxxer.hikari.pool.HikariPool        : HikariPool-1 - Added connection conn0: url=jdbc:h2:file:./wealth-db user=SA
2026-05-31T18:20:16.499+02:00  INFO 4888 --- [wealth] [  restartedMain] com.zaxxer.hikari.HikariDataSource       : HikariPool-1 - Start completed.
2026-05-31T18:20:16.523+02:00  INFO 4888 --- [wealth] [  restartedMain] org.hibernate.orm.connections.pooling    : HHH10001005: Database info:
	Database JDBC URL [jdbc:h2:file:./wealth-db]
	Database driver: H2 JDBC Driver
	Database dialect: H2Dialect
	Database version: 2.4.240
	Default catalog/schema: WEALTH-DB/PUBLIC
	Autocommit mode: undefined/unknown
	Isolation level: READ_COMMITTED [default READ_COMMITTED]
	JDBC fetch size: 100
	Pool: DataSourceConnectionProvider
	Minimum pool size: undefined/unknown
	Maximum pool size: undefined/unknown
2026-05-31T18:20:16.919+02:00  INFO 4888 --- [wealth] [  restartedMain] org.hibernate.orm.core                   : HHH000489: No JTA platform available (set 'hibernate.transaction.jta.platform' to enable JTA platform integration)
2026-05-31T18:20:16.943+02:00  INFO 4888 --- [wealth] [  restartedMain] j.LocalContainerEntityManagerFactoryBean : Initialized JPA EntityManagerFactory for persistence unit 'default'
2026-05-31T18:20:16.978+02:00  INFO 4888 --- [wealth] [  restartedMain] o.s.d.j.r.query.QueryEnhancerFactories   : Hibernate is in classpath; If applicable, HQL parser will be used.
2026-05-31T18:20:17.462+02:00  WARN 4888 --- [wealth] [  restartedMain] JpaBaseConfiguration$JpaWebConfiguration : spring.jpa.open-in-view is enabled by default. Therefore, database queries may be performed during view rendering. Explicitly configure spring.jpa.open-in-view to disable this warning
2026-05-31T18:20:17.469+02:00  INFO 4888 --- [wealth] [  restartedMain] o.s.b.w.a.WelcomePageHandlerMapping      : Adding welcome page template: index
2026-05-31T18:20:17.595+02:00  WARN 4888 --- [wealth] [  restartedMain] ConfigServletWebServerApplicationContext : Exception encountered during context initialization - cancelling refresh attempt: org.springframework.context.ApplicationContextException: Failed to start bean 'webServerStartStop'
2026-05-31T18:20:17.596+02:00  INFO 4888 --- [wealth] [  restartedMain] j.LocalContainerEntityManagerFactoryBean : Closing JPA EntityManagerFactory for persistence unit 'default'
2026-05-31T18:20:17.597+02:00  INFO 4888 --- [wealth] [  restartedMain] com.zaxxer.hikari.HikariDataSource       : HikariPool-1 - Shutdown initiated...
2026-05-31T18:20:17.600+02:00  INFO 4888 --- [wealth] [  restartedMain] com.zaxxer.hikari.HikariDataSource       : HikariPool-1 - Shutdown completed.
2026-05-31T18:20:17.605+02:00  INFO 4888 --- [wealth] [  restartedMain] .s.b.a.l.ConditionEvaluationReportLogger : 

Error starting ApplicationContext. To display the condition evaluation report re-run your application with 'debug' enabled.
2026-05-31T18:20:17.611+02:00 ERROR 4888 --- [wealth] [  restartedMain] o.s.b.d.LoggingFailureAnalysisReporter   : 

***************************
APPLICATION FAILED TO START
***************************

Description:

Web server failed to start. Port 18080 was already in use.

Action:

Identify and stop the process that's listening on port 18080 or configure this application to listen on another port.

